C:/Users/jbawi/Desktop/Final Project/STM32CubeIDE/FreeRTOS_ThreadCreation/Src/main.c:32:5:int main()	56	static
C:/Users/jbawi/Desktop/Final Project/STM32CubeIDE/FreeRTOS_ThreadCreation/Src/main.c:62:6:static void LEDController::LED_Thread1(const void*)	24	static
C:/Users/jbawi/Desktop/Final Project/STM32CubeIDE/FreeRTOS_ThreadCreation/Src/main.c:103:6:static void LEDController::LED_Thread2(const void*)	24	static
C:/Users/jbawi/Desktop/Final Project/STM32CubeIDE/FreeRTOS_ThreadCreation/Src/main.c:133:6:static void LEDController::SystemClock_Config()	96	static
C:/Users/jbawi/Desktop/Final Project/STM32CubeIDE/FreeRTOS_ThreadCreation/Src/main.c:179:6:static void LEDController::Error_Handler()	8	static
